// Vitest Snapshot v1

exports[`Button Component > should have rounded-full class when props pill is set to true 1`] = `"<button class=\\"btn md primary rounded-full\\"></button>"`;

exports[`Button Component > should render component and match snapshot 1`] = `"<button class=\\"btn md primary rounded\\"></button>"`;
